// Jest Snapshot v1, https://goo.gl/fbAQLP

exports[`CLI help interface for 'agent java' should be expected english 1`] = `
"Usage: frodo agent java [options] [command]

Manage java agents.

Options:
  -h, --help      Help

Commands:
  delete          Delete java agents.
  describe        Describe java agents.
  export          Export java agents.
  help [command]  display help for command
  import          Import java agents.
  list            List java agents.
"
`;
