// Jest Snapshot v1, https://goo.gl/fbAQLP

exports[`CLI help interface for 'agent' should be expected english 1`] = `
"Usage: frodo agent [options] [command]

Manage agents.

Options:
  -h, --help      Help

Commands:
  delete          Delete agents.
  describe        Describe agents.
  export          Export agents.
  gateway|ig      Manage gateway agents.
  help [command]  display help for command
  import          Import agents.
  java            Manage java agents.
  list            List agents.
  web             Manage web agents.
"
`;
