// Jest Snapshot v1, https://goo.gl/fbAQLP

exports[`CLI help interface for 'conn list' should be expected english 1`] = `
"Usage: frodo conn list [options]

List connection profiles.

Options:
  --debug               Debug output during command execution. If specified,
                        may or may not produce additional output helpful for
                        troubleshooting.
  -h, --help            Help
  -l, --long            Long with all fields. (default: false)
  --sa-id <sa-id>       Service account id.
  --sa-jwk-file <file>  File containing the java web key (jwk) associated with
                        the the service account.
  --verbose             Verbose output during command execution. If specified,
                        may or may not produce additional output.
"
`;
