// Jest Snapshot v1, https://goo.gl/fbAQLP

exports[`CLI help interface for 'conn describe' should be expected english 1`] = `
"Usage: frodo conn describe [options] [host]

Describe connection profile.

Arguments:
  host                  Access Management base URL, e.g.:
                        https://cdk.iam.example.com/am. To use a connection
                        profile, just specify a unique substring.

Options:
  --debug               Debug output during command execution. If specified,
                        may or may not produce additional output helpful for
                        troubleshooting.
  -h, --help            Help
  --sa-id <sa-id>       Service account id.
  --sa-jwk-file <file>  File containing the java web key (jwk) associated with
                        the the service account.
  --show-secrets        Show passwords and secrets.
  --verbose             Verbose output during command execution. If specified,
                        may or may not produce additional output.
"
`;
