// Jest Snapshot v1, https://goo.gl/fbAQLP

exports[`CLI help interface for 'connections' should be expected english 1`] = `
"Usage: frodo conn|connection [options] [command]

Manage connection profiles.

Options:
  -h, --help      Help

Commands:
  add             Add connection profiles.
  delete          Delete connection profiles.
  describe        Describe connection profiles.
  list            List connection profiles.
  help [command]  display help for command
"
`;
