// Jest Snapshot v1, https://goo.gl/fbAQLP

exports[`CLI help interface for 'idm' should be expected english 1`] = `
"Usage: frodo idm [options] [command]

Manage IDM configuration.

Options:
  -h, --help      Help

Commands:
  count           Count number of managed objects of a given type.
  export          Export IDM configuration objects.
  help [command]  display help for command
  import          Import IDM configuration objects.
  list            List all IDM configuration objects.
"
`;
