// Jest Snapshot v1, https://goo.gl/fbAQLP

exports[`CLI help interface for 'logs' should be expected english 1`] = `
"Usage: frodo logs [options] [command]

View Identity Cloud logs. If valid tenant admin credentials are specified, a log API key and secret are automatically created for that admin user.

Options:
  -h, --help      Help

Commands:
  list            List available ID Cloud log sources.
  tail            Tail Identity Cloud logs.
  fetch           Fetch Identity Cloud logs for a given time period.
  help [command]  display help for command
"
`;
