// Jest Snapshot v1, https://goo.gl/fbAQLP

exports[`CLI help interface for 'logs tail' should be expected english 1`] = `
"Usage: frodo logs tail [options] <host> [user] [password]

Tail Identity Cloud logs.

Arguments:
  host                         Access Management base URL, e.g.:
                               https://cdk.iam.example.com/am. To use a
                               connection profile, just specify a unique
                               substring.
  user                         Username to login with. Must be an admin user
                               with appropriate rights to manage authentication
                               journeys/trees.
  password                     Password.

Options:
  -k, --insecure               Allow insecure connections when using SSL/TLS.
                               Has no effect when using a network proxy for
                               https (HTTPS_PROXY=http://<host>:<port>), in
                               that case the proxy must provide this
                               capability. (default: Don't allow insecure
                               connections)
  --verbose                    Verbose output during command execution. If
                               specified, may or may not produce additional
                               output.
  --debug                      Debug output during command execution. If
                               specified, may or may not produce additional
                               output helpful for troubleshooting.
  --curlirize                  Output all network calls in curl format.
  -c, --sources <sources>      Comma separated list of log sources (default:
                               Log everything)
  -l, --level <level>          Set log level filter. You can specify the level
                               as a number or a string. Following values are
                               possible (values on the same line are
                               equivalent):
                               0, SEVERE, FATAL, or ERROR
                               1, WARNING, WARN or CONFIG
                               2, INFO or INFORMATION
                               3, DEBUG, FINE, FINER or FINEST
                               4 or ALL (default: SEVERE,ERROR,FATAL)
  -t, --transaction-id <txid>  Filter by transactionId
  -d, --defaults               Use default logging noise filters (default: Use
                               custom logging noise filters defined in
                               $HOME/LoggingNoiseFilter.json)
  -h, --help                   Help
"
`;
