// Jest Snapshot v1, https://goo.gl/fbAQLP

exports[`CLI help interface for 'saml cot' should be expected english 1`] = `
"Usage: frodo saml cot [options] [command]

Manage circles of trust.

Options:
  -h, --help      Help

Commands:
  export          Export circles of trust.
  help [command]  display help for command
  import          Import circles of trust.
  list            List circles of trust.
"
`;
