// Jest Snapshot v1, https://goo.gl/fbAQLP

exports[`CLI help interface for 'saml metadata' should be expected english 1`] = `
"Usage: frodo saml metadata [options] [command]

SAML metadata operations.

Options:
  -h, --help      Help

Commands:
  export          Export metadata.
  help [command]  display help for command
"
`;
