// Jest Snapshot v1, https://goo.gl/fbAQLP

exports[`CLI help interface for 'script' should be expected english 1`] = `
"Usage: frodo script [options] [command]

Manage scripts.

Options:
  -h, --help      Help

Commands:
  list            List scripts.
  export          Export scripts.
  import          Import scripts.
  help [command]  display help for command
"
`;
