// Jest Snapshot v1, https://goo.gl/fbAQLP

exports[`frodo info "frodo info --scriptFriendly": should output cookie name, session id, and access token in json 1`] = `
"{
  "cookieName": "4ad7d57003aee4f",
  "sessionToken": "gHKOljqunpzZdmX_cmO7NHwQBP8.*AAJTSQACMDIAAlNLABxPbzBTZjQ2ZXNrZkVsUExXeUtVcmgrNkFOcmc9AAR0eXBlAANDVFMAAlMxAAIwMQ..*",
  "bearerToken": "eyJ0eXAiOiJKV1QiLCJraWQiOiJKSSt2QkJYWDd5ellQT3N4ZFdvWE16S2x1Q0E9IiwiYWxnIjoiUlMyNTYifQ.eyJzdWIiOiJjNWYzY2YzNS00Y2MxLTQyZjktODBiMy01OWUxY2E4NDI1MTAiLCJjdHMiOiJPQVVUSDJfU1RBVEVMRVNTX0dSQU5UIiwiYXV0aF9sZXZlbCI6MCwiYXVkaXRUcmFja2luZ0lkIjoiMjdiNDZkMmYtYmUxOC00Yzg4LWJkZTktYmRhMjQxODNhODg0LTIxNTY5OSIsInN1Ym5hbWUiOiJjNWYzY2YzNS00Y2MxLTQyZjktODBiMy01OWUxY2E4NDI1MTAiLCJpc3MiOiJodHRwczovL29wZW5hbS12b2xrZXItZGV2LmZvcmdlYmxvY2tzLmNvbTo0NDMvYW0vb2F1dGgyIiwidG9rZW5OYW1lIjoiYWNjZXNzX3Rva2VuIiwidG9rZW5fdHlwZSI6IkJlYXJlciIsImF1dGhHcmFudElkIjoiWFlxeVg5LUVuTmtaVW5DZVBnX2RIazVBdUNJIiwiYXVkIjoiaWRtQWRtaW5DbGllbnQiLCJuYmYiOjE2NjkzOTg1OTQsImdyYW50X3R5cGUiOiJhdXRob3JpemF0aW9uX2NvZGUiLCJzY29wZSI6WyJmcjppZG06KiJdLCJhdXRoX3RpbWUiOjE2NjkzOTg1NjQsInJlYWxtIjoiLyIsImV4cCI6MTY2OTQwMjE5NCwiaWF0IjoxNjY5Mzk4NTk0LCJleHBpcmVzX2luIjozNjAwLCJqdGkiOiJ0SGM1TEIzZ09ZaVJ2QzRfNVZvTFhlN1kzUlEifQ.FwYul4CSukUuXzIRF1G00uS-Bj5vwW7A98WsiwnmIPII3teLdcDM0OLAoTBpARtTCFxf8bSgleo0aznENjEIU3Y5Br0aE2iT5kT8nLhVGv4FputIgfr0wE2XySGtCVSft2LnuQZ8wmoV4RUGmO2p5FsiiOdzMVQu5k8xmlF9nb78GdpP0haqNnOi3Gck7nWWMFRp_oyNcvzWL79ZFQQ8oQPI2iIexN4PssPzDEsKhieTWzHCQEEL3L3ajgNJDYpM57kYB686vFs6YhYIoFQTQx71rx3x1QZdQruXQ5V1h25qQ0BB-4OVfo2fuqej6nLy0i_5XWjqCFASsxUOmpeHVg"
}
"
`;

exports[`frodo info "frodo info -s": should output cookie name, session id, and access token in json 1`] = `
"{
  "cookieName": "4ad7d57003aee4f",
  "sessionToken": "gHKOljqunpzZdmX_cmO7NHwQBP8.*AAJTSQACMDIAAlNLABxPbzBTZjQ2ZXNrZkVsUExXeUtVcmgrNkFOcmc9AAR0eXBlAANDVFMAAlMxAAIwMQ..*",
  "bearerToken": "eyJ0eXAiOiJKV1QiLCJraWQiOiJKSSt2QkJYWDd5ellQT3N4ZFdvWE16S2x1Q0E9IiwiYWxnIjoiUlMyNTYifQ.eyJzdWIiOiJjNWYzY2YzNS00Y2MxLTQyZjktODBiMy01OWUxY2E4NDI1MTAiLCJjdHMiOiJPQVVUSDJfU1RBVEVMRVNTX0dSQU5UIiwiYXV0aF9sZXZlbCI6MCwiYXVkaXRUcmFja2luZ0lkIjoiMjdiNDZkMmYtYmUxOC00Yzg4LWJkZTktYmRhMjQxODNhODg0LTIxNTY5OSIsInN1Ym5hbWUiOiJjNWYzY2YzNS00Y2MxLTQyZjktODBiMy01OWUxY2E4NDI1MTAiLCJpc3MiOiJodHRwczovL29wZW5hbS12b2xrZXItZGV2LmZvcmdlYmxvY2tzLmNvbTo0NDMvYW0vb2F1dGgyIiwidG9rZW5OYW1lIjoiYWNjZXNzX3Rva2VuIiwidG9rZW5fdHlwZSI6IkJlYXJlciIsImF1dGhHcmFudElkIjoiWFlxeVg5LUVuTmtaVW5DZVBnX2RIazVBdUNJIiwiYXVkIjoiaWRtQWRtaW5DbGllbnQiLCJuYmYiOjE2NjkzOTg1OTQsImdyYW50X3R5cGUiOiJhdXRob3JpemF0aW9uX2NvZGUiLCJzY29wZSI6WyJmcjppZG06KiJdLCJhdXRoX3RpbWUiOjE2NjkzOTg1NjQsInJlYWxtIjoiLyIsImV4cCI6MTY2OTQwMjE5NCwiaWF0IjoxNjY5Mzk4NTk0LCJleHBpcmVzX2luIjozNjAwLCJqdGkiOiJ0SGM1TEIzZ09ZaVJ2QzRfNVZvTFhlN1kzUlEifQ.FwYul4CSukUuXzIRF1G00uS-Bj5vwW7A98WsiwnmIPII3teLdcDM0OLAoTBpARtTCFxf8bSgleo0aznENjEIU3Y5Br0aE2iT5kT8nLhVGv4FputIgfr0wE2XySGtCVSft2LnuQZ8wmoV4RUGmO2p5FsiiOdzMVQu5k8xmlF9nb78GdpP0haqNnOi3Gck7nWWMFRp_oyNcvzWL79ZFQQ8oQPI2iIexN4PssPzDEsKhieTWzHCQEEL3L3ajgNJDYpM57kYB686vFs6YhYIoFQTQx71rx3x1QZdQruXQ5V1h25qQ0BB-4OVfo2fuqej6nLy0i_5XWjqCFASsxUOmpeHVg"
}
"
`;

exports[`frodo info "frodo info": should display cookie name, session id, and access token 1`] = `
"Connected to https://openam-frodo-dev.forgeblocks.com/am [alpha] as user volker.scheuber@forgerock.com
Cookie name: 4ad7d57003aee4f
Session token: gHKOljqunpzZdmX_cmO7NHwQBP8.*AAJTSQACMDIAAlNLABxPbzBTZjQ2ZXNrZkVsUExXeUtVcmgrNkFOcmc9AAR0eXBlAANDVFMAAlMxAAIwMQ..*
Bearer token: eyJ0eXAiOiJKV1QiLCJraWQiOiJKSSt2QkJYWDd5ellQT3N4ZFdvWE16S2x1Q0E9IiwiYWxnIjoiUlMyNTYifQ.eyJzdWIiOiJjNWYzY2YzNS00Y2MxLTQyZjktODBiMy01OWUxY2E4NDI1MTAiLCJjdHMiOiJPQVVUSDJfU1RBVEVMRVNTX0dSQU5UIiwiYXV0aF9sZXZlbCI6MCwiYXVkaXRUcmFja2luZ0lkIjoiMjdiNDZkMmYtYmUxOC00Yzg4LWJkZTktYmRhMjQxODNhODg0LTIxNTY5OSIsInN1Ym5hbWUiOiJjNWYzY2YzNS00Y2MxLTQyZjktODBiMy01OWUxY2E4NDI1MTAiLCJpc3MiOiJodHRwczovL29wZW5hbS12b2xrZXItZGV2LmZvcmdlYmxvY2tzLmNvbTo0NDMvYW0vb2F1dGgyIiwidG9rZW5OYW1lIjoiYWNjZXNzX3Rva2VuIiwidG9rZW5fdHlwZSI6IkJlYXJlciIsImF1dGhHcmFudElkIjoiWFlxeVg5LUVuTmtaVW5DZVBnX2RIazVBdUNJIiwiYXVkIjoiaWRtQWRtaW5DbGllbnQiLCJuYmYiOjE2NjkzOTg1OTQsImdyYW50X3R5cGUiOiJhdXRob3JpemF0aW9uX2NvZGUiLCJzY29wZSI6WyJmcjppZG06KiJdLCJhdXRoX3RpbWUiOjE2NjkzOTg1NjQsInJlYWxtIjoiLyIsImV4cCI6MTY2OTQwMjE5NCwiaWF0IjoxNjY5Mzk4NTk0LCJleHBpcmVzX2luIjozNjAwLCJqdGkiOiJ0SGM1TEIzZ09ZaVJ2QzRfNVZvTFhlN1kzUlEifQ.FwYul4CSukUuXzIRF1G00uS-Bj5vwW7A98WsiwnmIPII3teLdcDM0OLAoTBpARtTCFxf8bSgleo0aznENjEIU3Y5Br0aE2iT5kT8nLhVGv4FputIgfr0wE2XySGtCVSft2LnuQZ8wmoV4RUGmO2p5FsiiOdzMVQu5k8xmlF9nb78GdpP0haqNnOi3Gck7nWWMFRp_oyNcvzWL79ZFQQ8oQPI2iIexN4PssPzDEsKhieTWzHCQEEL3L3ajgNJDYpM57kYB686vFs6YhYIoFQTQx71rx3x1QZdQruXQ5V1h25qQ0BB-4OVfo2fuqej6nLy0i_5XWjqCFASsxUOmpeHVg
"
`;
